\BOOKMARK [1][-]{section.1}{\376\377\225\356\230\230\221\315\217\360\116\016\170\024\172\166\140\035\215\357}{}% 1
\BOOKMARK [2][-]{subsection.1.1}{\376\377\225\356\230\230\200\314\146\157\116\016\116\373\122\241}{section.1}% 2
\BOOKMARK [2][-]{subsection.1.2}{\376\377\140\073\117\123\170\024\172\166\140\035\215\357}{section.1}% 3
\BOOKMARK [1][-]{section.2}{\376\377\152\041\127\213\120\107\213\276\116\016\173\046\123\367\213\364\146\016}{}% 4
\BOOKMARK [2][-]{subsection.2.1}{\376\377\127\372\147\054\120\107\213\276}{section.2}% 5
\BOOKMARK [2][-]{subsection.2.2}{\376\377\116\073\211\201\173\046\123\367}{section.2}% 6
\BOOKMARK [1][-]{section.3}{\376\377\225\356\230\230\116\000\377\032\123\125\145\345\170\156\133\232\140\047\120\250\200\375\214\003\136\246}{}% 7
\BOOKMARK [2][-]{subsection.3.1}{\376\377\145\160\143\156\162\171\137\201\116\016\127\372\176\277}{section.3}% 8
\BOOKMARK [2][-]{subsection.3.2}{\376\377\121\263\173\126\123\330\221\317\116\016\166\356\150\007\121\375\145\160}{section.3}% 9
\BOOKMARK [2][-]{subsection.3.3}{\376\377\176\246\147\137\147\141\116\366}{section.3}% 10
\BOOKMARK [2][-]{subsection.3.4}{\376\377\154\102\211\343\145\271\154\325}{section.3}% 11
\BOOKMARK [2][-]{subsection.3.5}{\376\377\154\102\211\343\176\323\147\234\116\016\122\006\147\220}{section.3}% 12
\BOOKMARK [1][-]{section.4}{\376\377\225\356\230\230\116\214\377\032\124\053\230\204\155\113\213\357\135\356\166\204\121\150\136\164\156\332\122\250\117\030\123\026}{}% 13
\BOOKMARK [2][-]{subsection.4.1}{\376\377\126\340\147\234\117\341\140\157\226\306\116\016\176\304\124\010\230\204\155\113}{section.4}% 14
\BOOKMARK [2][-]{subsection.4.2}{\376\377\117\335\165\131\145\345\121\205\166\370\121\163\140\047\166\204\153\213\135\356\140\305\146\157}{section.4}% 15
\BOOKMARK [2][-]{subsection.4.3}{\376\377\0004\0008\134\017\145\366\116\044\226\066\153\265\226\217\147\072\000M\000I\000L\000P}{section.4}% 16
\BOOKMARK [2][-]{subsection.4.4}{\376\377\133\236\226\105\126\336\145\076\116\016\215\350\145\345\225\355\163\257}{section.4}% 17
\BOOKMARK [2][-]{subsection.4.5}{\376\377\154\102\211\343\226\120\145\366\116\016\126\336\220\000\147\072\122\066}{section.4}% 18
\BOOKMARK [2][-]{subsection.4.6}{\376\377\121\150\136\164\176\323\147\234}{section.4}% 19
\BOOKMARK [2][-]{subsection.4.7}{\376\377\143\007\133\232\145\345\147\037\213\241\122\022}{section.4}% 20
\BOOKMARK [2][-]{subsection.4.8}{\376\377\145\345\147\053\120\250\200\375\116\367\120\074\166\204\131\007\220\011\133\236\232\214}{section.4}% 21
\BOOKMARK [1][-]{section.5}{\376\377\225\356\230\230\116\011\377\032\153\317\0006\134\017\145\366\121\215\214\003\136\246\116\016\230\204\155\113\172\227\123\343\153\324\217\203}{}% 22
\BOOKMARK [2][-]{subsection.5.1}{\376\377\156\332\122\250\142\177\213\372\116\016\214\003\145\164\142\020\147\054}{section.5}% 23
\BOOKMARK [2][-]{subsection.5.2}{\376\377\176\337\116\000\166\204\230\204\155\113\172\227\123\343\152\041\127\213}{section.5}% 24
\BOOKMARK [2][-]{subsection.5.3}{\376\377\225\001\133\232\142\147\210\114\116\016\133\236\226\105\126\336\145\076}{section.5}% 25
\BOOKMARK [2][-]{subsection.5.4}{\376\377\121\150\136\164\221\115\133\371\133\236\232\214\176\323\147\234}{section.5}% 26
\BOOKMARK [2][-]{subsection.5.5}{\376\377\143\007\133\232\145\345\147\037\116\016\147\072\122\066\211\343\221\312}{section.5}% 27
\BOOKMARK [1][-]{section.6}{\376\377\225\356\230\230\126\333\377\032\154\342\122\250\165\065\116\367\116\013\166\204\126\340\147\234\156\332\122\250\214\003\136\246}{}% 28
\BOOKMARK [2][-]{subsection.6.1}{\376\377\165\065\116\367\230\204\155\113\116\016\117\341\140\157\217\271\165\114}{section.6}% 29
\BOOKMARK [2][-]{subsection.6.2}{\376\377\154\342\122\250\165\065\116\367\166\356\150\007\121\375\145\160\116\016\142\147\210\114\211\304\122\031}{section.6}% 30
\BOOKMARK [2][-]{subsection.6.3}{\376\377\121\150\136\164\133\236\232\214\176\323\147\234}{section.6}% 31
\BOOKMARK [1][-]{section.7}{\376\377\152\041\127\213\232\214\213\301\116\016\176\323\147\234\123\357\117\341\136\246}{}% 32
\BOOKMARK [2][-]{subsection.7.1}{\376\377\145\160\120\074\116\016\162\151\164\006\176\246\147\137\232\214\213\301}{section.7}% 33
\BOOKMARK [2][-]{subsection.7.2}{\376\377\126\340\147\234\140\047\232\214\213\301}{section.7}% 34
\BOOKMARK [2][-]{subsection.7.3}{\376\377\215\071\165\050\116\016\152\041\147\177\131\015\173\227}{section.7}% 35
\BOOKMARK [1][-]{section.8}{\376\377\152\041\127\213\213\304\116\367\116\016\220\002\165\050\217\271\165\114}{}% 36
\BOOKMARK [2][-]{subsection.8.1}{\376\377\152\041\127\213\117\030\160\271}{section.8}% 37
\BOOKMARK [2][-]{subsection.8.2}{\376\377\134\100\226\120\140\047}{section.8}% 38
\BOOKMARK [2][-]{subsection.8.3}{\376\377\123\357\143\250\136\177\145\271\124\021}{section.8}% 39
\BOOKMARK [1][-]{section.9}{\376\377\176\323\213\272}{}% 40
\BOOKMARK [1][-]{appendix.A}{\376\377\145\057\144\221\147\120\145\231\145\207\116\366\156\005\123\125}{}% 41
