\BOOKMARK [1][-]{section.1}{\376\377\225\356\230\230\221\315\217\360\116\016\170\024\172\166\140\035\215\357}{}% 1
\BOOKMARK [2][-]{subsection.1.1}{\376\377\225\356\230\230\200\314\146\157\116\016\116\373\122\241}{section.1}% 2
\BOOKMARK [2][-]{subsection.1.2}{\376\377\140\073\117\123\170\024\172\166\140\035\215\357}{section.1}% 3
\BOOKMARK [1][-]{section.2}{\376\377\152\041\127\213\120\107\213\276\116\016\173\046\123\367\213\364\146\016}{}% 4
\BOOKMARK [2][-]{subsection.2.1}{\376\377\127\372\147\054\120\107\213\276}{section.2}% 5
\BOOKMARK [2][-]{subsection.2.2}{\376\377\116\073\211\201\173\046\123\367}{section.2}% 6
\BOOKMARK [1][-]{section.3}{\376\377\225\356\230\230\116\000\377\032\123\125\145\345\170\156\133\232\140\047\120\250\200\375\214\003\136\246}{}% 7
\BOOKMARK [2][-]{subsection.3.1}{\376\377\145\160\143\156\162\171\137\201\116\016\127\372\176\277}{section.3}% 8
\BOOKMARK [2][-]{subsection.3.2}{\376\377\121\263\173\126\123\330\221\317\116\016\166\356\150\007\121\375\145\160}{section.3}% 9
\BOOKMARK [2][-]{subsection.3.3}{\376\377\176\246\147\137\147\141\116\366}{section.3}% 10
\BOOKMARK [2][-]{subsection.3.4}{\376\377\154\102\211\343\145\271\154\325}{section.3}% 11
\BOOKMARK [2][-]{subsection.3.5}{\376\377\154\102\211\343\176\323\147\234\116\016\122\006\147\220}{section.3}% 12
\BOOKMARK [1][-]{section.4}{\376\377\225\356\230\230\116\214\377\032\124\053\230\204\155\113\213\357\135\356\166\204\121\150\136\164\156\332\122\250\117\030\123\026}{}% 13
\BOOKMARK [2][-]{subsection.4.1}{\376\377\126\340\147\234\117\341\140\157\226\306\116\016\176\304\124\010\230\204\155\113}{section.4}% 14
\BOOKMARK [2][-]{subsection.4.2}{\376\377\117\335\165\131\145\345\121\205\166\370\121\163\140\047\166\204\153\213\135\356\140\305\146\157}{section.4}% 15
\BOOKMARK [2][-]{subsection.4.3}{\376\377\0004\0008\134\017\145\366\116\044\226\066\153\265\226\217\147\072\000M\000I\000L\000P}{section.4}% 16
\BOOKMARK [2][-]{subsection.4.4}{\376\377\133\236\226\105\126\336\145\076\116\016\215\350\145\345\225\355\163\257}{section.4}% 17
\BOOKMARK [2][-]{subsection.4.5}{\376\377\154\102\211\343\226\120\145\366\116\016\126\336\220\000\147\072\122\066}{section.4}% 18
\BOOKMARK [2][-]{subsection.4.6}{\376\377\121\150\136\164\176\323\147\234}{section.4}% 19
\BOOKMARK [2][-]{subsection.4.7}{\376\377\143\007\133\232\145\345\147\037\213\241\122\022}{section.4}% 20
